components/canvas/CanvasWrapper.tsx(245,81): error TS2367: This comparison appears to be unintentional because the types 'ToolMode' and '"pen"' have no overlap.
components/canvas/CanvasWrapper.tsx(288,27): error TS2367: This comparison appears to be unintentional because the types '"select" | "text" | "image" | "ai" | "pencil" | "arrow" | "eraser"' and '"pen"' have no overlap.
components/canvas/DrawingLayer.tsx(215,13): error TS2367: This comparison appears to be unintentional because the types 'ToolMode' and '"pen"' have no overlap.
components/ui/PenSettings.tsx(37,9): error TS2367: This comparison appears to be unintentional because the types 'ToolMode' and '"pen"' have no overlap.
components/ui/Toolbar.tsx(103,50): error TS2345: Argument of type '"pen"' is not assignable to parameter of type 'ToolMode'.
components/ui/Toolbar.tsx(104,52): error TS2367: This comparison appears to be unintentional because the types 'ToolMode' and '"pen"' have no overlap.
components/ui/Toolbar.tsx(108,30): error TS2367: This comparison appears to be unintentional because the types 'ToolMode' and '"pen"' have no overlap.
components/ui/Toolbar.tsx(115,39): error TS2367: This comparison appears to be unintentional because the types 'ToolMode' and '"pen"' have no overlap.
components/ui/Toolbar.tsx(117,22): error TS2367: This comparison appears to be unintentional because the types 'ToolMode' and '"pen"' have no overlap.
